// Jest Snapshot v1, https://goo.gl/fbAQLP

exports[`AccordionSearch should render 1`] = `
<DocumentFragment>
  <div
    style="width: 18rem;"
  >
    <span
      class="search-input"
    >
      <input
        data-testid="search-input"
        placeholder="Filter"
        type="text"
        value=""
      />
      <span
        class="search-input__suffix"
        data-testid="search-input-suffix"
        role="presentation"
      >
        <test-file-stub
          height="14"
          width="14"
        />
      </span>
    </span>
  </div>
  <div
    class="accordion-group accordion-search"
  >
    <div
      class="accordion"
    >
      <div
        class="accordion__title"
        data-testid="accordion-title"
        role="button"
        tabindex="0"
      >
        <div
          class="accordion__title__text"
        >
          Gene
        </div>
        <div
          class="accordion__title__side"
        >
          <test-file-stub
            classname="accordion__title__side__chevron"
            height="16"
            width="16"
          />
        </div>
      </div>
      <div
        class="accordion__content accordion__content--hide-content"
        data-testid="accordion-content"
      >
        <ul
          class="no-bullet accordion-search__list"
        >
          <li
            class="accordion-search__list__item"
            data-testid="accordion-search-list-item"
          >
            <label
              for="checkbox-1-1"
            >
              <input
                class="accordion-search__list__item-checkbox"
                id="checkbox-1-1"
                type="checkbox"
              />
              BRCA1
            </label>
          </li>
          <li
            class="accordion-search__list__item"
            data-testid="accordion-search-list-item"
          >
            <label
              for="checkbox-1-2"
            >
              <input
                class="accordion-search__list__item-checkbox"
                id="checkbox-1-2"
                type="checkbox"
              />
              BRCA2
            </label>
          </li>
          <li
            class="accordion-search__list__item"
            data-testid="accordion-search-list-item"
          >
            <label
              for="checkbox-1-3"
            >
              <input
                class="accordion-search__list__item-checkbox"
                id="checkbox-1-3"
                type="checkbox"
              />
              TP53
            </label>
          </li>
        </ul>
      </div>
    </div>
    <div
      class="accordion"
    >
      <div
        class="accordion__title"
        data-testid="accordion-title"
        role="button"
        tabindex="0"
      >
        <div
          class="accordion__title__text"
        >
          Organelle
        </div>
        <div
          class="accordion__title__side"
        >
          <test-file-stub
            classname="accordion__title__side__chevron"
            height="16"
            width="16"
          />
        </div>
      </div>
      <div
        class="accordion__content accordion__content--hide-content"
        data-testid="accordion-content"
      >
        <ul
          class="no-bullet accordion-search__list"
        >
          <li
            class="accordion-search__list__item"
            data-testid="accordion-search-list-item"
          >
            <label
              for="checkbox-2-1"
            >
              <input
                class="accordion-search__list__item-checkbox"
                id="checkbox-2-1"
                type="checkbox"
              />
              Ribosome
            </label>
          </li>
          <li
            class="accordion-search__list__item"
            data-testid="accordion-search-list-item"
          >
            <label
              for="checkbox-2-2"
            >
              <input
                class="accordion-search__list__item-checkbox"
                id="checkbox-2-2"
                type="checkbox"
              />
              Nucleus
            </label>
          </li>
        </ul>
      </div>
    </div>
  </div>
</DocumentFragment>
`;
