// Jest Snapshot v1, https://goo.gl/fbAQLP

exports[`Accordion should render 1`] = `
<DocumentFragment>
  <div
    class="accordion"
  >
    <div
      class="accordion__title"
      data-testid="accordion-title"
      role="button"
      tabindex="0"
    >
      <div
        class="accordion__title__text"
      >
        foo
      </div>
      <div
        class="accordion__title__side"
      >
        <span
          class="accordion__title__side__count bubble--small"
        >
          10
        </span>
        <test-file-stub
          classname="accordion__title__side__chevron"
          height="16"
          width="16"
        />
      </div>
    </div>
    <div
      class="accordion__content accordion__content--hide-content"
      data-testid="accordion-content"
    >
      <div>
        Foo bar baz qux quux quuz
      </div>
    </div>
  </div>
</DocumentFragment>
`;
