// Jest Snapshot v1, https://goo.gl/fbAQLP

exports[`Bytes number component should render 1`] = `
<DocumentFragment>
  2.4 GB
</DocumentFragment>
`;
