// Jest Snapshot v1, https://goo.gl/fbAQLP

exports[`Chip component should render 1`] = `
<DocumentFragment>
  <span
    class="chip"
    role="button"
    tabindex="0"
  >
    Some content
  </span>
</DocumentFragment>
`;
