// Jest Snapshot v1, https://goo.gl/fbAQLP

exports[`CopyToClipboard component should render 1`] = `
<DocumentFragment>
  <button
    class="button primary"
    type="button"
  >
    Copy this
  </button>
</DocumentFragment>
`;
