// Jest Snapshot v1, https://goo.gl/fbAQLP

exports[`EvidenceTag component should render tag and toggle visibility of content 1`] = `
<DocumentFragment>
  <button
    aria-controls="abcd"
    aria-expanded="true"
    class="evidence-tag"
    data-testid="evidence-tag-trigger"
    type="button"
  >
    <test-file-stub
      height="12"
      width="12"
    />
    <span
      class="evidence-tag__label"
    >
      My evidence
    </span>
  </button>
  <div
    class="evidence-tag-content evidence-tag-content--visible"
    data-testid="evidence-tag-content"
    id="abcd"
  >
    <p>
      Some content
    </p>
  </div>
</DocumentFragment>
`;
