// Jest Snapshot v1, https://goo.gl/fbAQLP

exports[`Hero Header component should render 1`] = `
<DocumentFragment>
  <div
    class="hero-header"
  >
    <div
      class="hero-header__content"
    >
      <h1
        class="x-huge"
      >
        Title
      </h1>
      <input
        type="text"
      />
    </div>
    <div
      class="hero-header__footer"
    >
      <span>
        Footer
      </span>
    </div>
  </div>
</DocumentFragment>
`;
