// Jest Snapshot v1, https://goo.gl/fbAQLP

exports[`XAxis component should render with correct tickmarks 1`] = `
<DocumentFragment>
  <svg
    height="80"
    style="top: 0px;"
    width="100"
  >
    <g
      fill="none"
      font-family="sans-serif"
      font-size="10"
      text-anchor="middle"
    >
      <path
        class="domain"
        d="M0.5,0.5H100.5"
        stroke="currentColor"
      />
      <g
        class="tick"
        opacity="1"
        transform="translate(0.5,0)"
      >
        <line
          stroke="currentColor"
          y2="0"
        />
        <text
          dy="0.71em"
          fill="currentColor"
          y="6"
        >
          0
        </text>
      </g>
      <g
        class="tick"
        opacity="1"
        transform="translate(50.5,0)"
      >
        <line
          stroke="currentColor"
          y2="0"
        />
        <text
          dy="0.71em"
          fill="currentColor"
          y="6"
        >
          5
        </text>
      </g>
      <g
        class="tick"
        opacity="1"
        transform="translate(100.5,0)"
      >
        <line
          stroke="currentColor"
          y2="0"
        />
        <text
          dy="0.71em"
          fill="currentColor"
          y="6"
        >
          10
        </text>
      </g>
    </g>
  </svg>
</DocumentFragment>
`;
