// Jest Snapshot v1, https://goo.gl/fbAQLP

exports[`HistogramFilter component should render 1`] = `
<DocumentFragment>
  <div
    class="histogram-filter"
  >
    <div
      class="histogram"
      data-testid="histogram"
    >
      <div
        class="histogram__bar-container"
        style="height: 50px;"
      >
        <div
          class="histogram histogram__bar histogram__bar--within-range"
          data-testid="histogram-bar"
          style="transform: scaleY(0.4); transition-delay: 0ms;"
        />
        <div
          class="histogram histogram__bar histogram__bar--within-range"
          data-testid="histogram-bar"
          style="transform: scaleY(0.4); transition-delay: 100ms;"
        />
        <div
          class="histogram histogram__bar histogram__bar--within-range"
          data-testid="histogram-bar"
          style="transform: scaleY(0.4); transition-delay: 200ms;"
        />
        <div
          class="histogram histogram__bar histogram__bar--within-range"
          data-testid="histogram-bar"
          style="transform: scaleY(0.4); transition-delay: 300ms;"
        />
        <div
          class="histogram histogram__bar histogram__bar--within-range"
          data-testid="histogram-bar"
          style="transform: scaleY(0.4); transition-delay: 400ms;"
        />
      </div>
      <svg
        height="100%"
        width="100%"
      >
        <g
          fill="none"
          pointer-events="all"
        >
          <rect
            class="overlay"
            cursor="crosshair"
            height="100"
            pointer-events="all"
            width="250"
            x="0"
            y="0"
          />
          <rect
            class="selection"
            cursor="move"
            fill="#777"
            fill-opacity="0.3"
            shape-rendering="crispEdges"
            stroke="#fff"
            style="display: none;"
          />
          <rect
            class="handle handle--w"
            cursor="ew-resize"
            style="display: none;"
          />
          <rect
            class="handle handle--e"
            cursor="ew-resize"
            style="display: none;"
          />
        </g>
      </svg>
    </div>
    <div
      class="histogram-filter__text-input-container"
    >
      <input
        style="width: 3ch;"
        type="text"
        value="0"
      />
      <input
        style="width: 3ch;"
        type="text"
        value="9"
      />
    </div>
  </div>
</DocumentFragment>
`;
