// Jest Snapshot v1, https://goo.gl/fbAQLP

exports[`XAxis component should render with correct tickmarks 1`] = `
<DocumentFragment>
  <svg
    class="y-axis"
    height="100"
    width="80"
  >
    <g
      fill="none"
      font-family="sans-serif"
      font-size="10"
      text-anchor="end"
      transform="translate(50, 0)"
    >
      <path
        class="domain"
        d="M0.5,100.5V0.5"
        stroke="currentColor"
      />
      <g
        class="tick"
        opacity="1"
        transform="translate(0,100.5)"
      >
        <line
          stroke="currentColor"
          x2="0"
        />
        <text
          dy="0.32em"
          fill="currentColor"
          x="-6"
        >
          0
        </text>
      </g>
      <g
        class="tick"
        opacity="1"
        transform="translate(0,90.5)"
      >
        <line
          stroke="currentColor"
          x2="0"
        />
        <text
          dy="0.32em"
          fill="currentColor"
          x="-6"
        >
          1
        </text>
      </g>
      <g
        class="tick"
        opacity="1"
        transform="translate(0,80.5)"
      >
        <line
          stroke="currentColor"
          x2="0"
        />
        <text
          dy="0.32em"
          fill="currentColor"
          x="-6"
        >
          2
        </text>
      </g>
      <g
        class="tick"
        opacity="1"
        transform="translate(0,70.5)"
      >
        <line
          stroke="currentColor"
          x2="0"
        />
        <text
          dy="0.32em"
          fill="currentColor"
          x="-6"
        >
          3
        </text>
      </g>
      <g
        class="tick"
        opacity="1"
        transform="translate(0,60.5)"
      >
        <line
          stroke="currentColor"
          x2="0"
        />
        <text
          dy="0.32em"
          fill="currentColor"
          x="-6"
        >
          4
        </text>
      </g>
      <g
        class="tick"
        opacity="1"
        transform="translate(0,50.5)"
      >
        <line
          stroke="currentColor"
          x2="0"
        />
        <text
          dy="0.32em"
          fill="currentColor"
          x="-6"
        >
          5
        </text>
      </g>
      <g
        class="tick"
        opacity="1"
        transform="translate(0,40.5)"
      >
        <line
          stroke="currentColor"
          x2="0"
        />
        <text
          dy="0.32em"
          fill="currentColor"
          x="-6"
        >
          6
        </text>
      </g>
      <g
        class="tick"
        opacity="1"
        transform="translate(0,30.500000000000004)"
      >
        <line
          stroke="currentColor"
          x2="0"
        />
        <text
          dy="0.32em"
          fill="currentColor"
          x="-6"
        >
          7
        </text>
      </g>
      <g
        class="tick"
        opacity="1"
        transform="translate(0,20.499999999999996)"
      >
        <line
          stroke="currentColor"
          x2="0"
        />
        <text
          dy="0.32em"
          fill="currentColor"
          x="-6"
        >
          8
        </text>
      </g>
      <g
        class="tick"
        opacity="1"
        transform="translate(0,10.499999999999998)"
      >
        <line
          stroke="currentColor"
          x2="0"
        />
        <text
          dy="0.32em"
          fill="currentColor"
          x="-6"
        >
          9
        </text>
      </g>
      <g
        class="tick"
        opacity="1"
        transform="translate(0,0.5)"
      >
        <line
          stroke="currentColor"
          x2="0"
        />
        <text
          dy="0.32em"
          fill="currentColor"
          x="-6"
        >
          10
        </text>
      </g>
    </g>
  </svg>
</DocumentFragment>
`;
