// Jest Snapshot v1, https://goo.gl/fbAQLP

exports[`InfoList component should not render items that are undefined 1`] = `
<DocumentFragment>
  <ul
    class="info-list info-list--columns"
  >
    <li>
      <div
        class="decorated-list-item"
      >
        <div
          class="decorated-list-item__title tiny"
        >
          Item 1
        </div>
        <div
          class="decorated-list-item__content"
        >
          content
        </div>
      </div>
    </li>
  </ul>
</DocumentFragment>
`;

exports[`InfoList component should render 1`] = `
<DocumentFragment>
  <ul
    class="info-list"
  >
    <li>
      <div
        class="decorated-list-item"
      >
        <div
          class="decorated-list-item__title tiny"
        >
          Item 1
        </div>
        <div
          class="decorated-list-item__content"
        >
          <div>
            Some content
          </div>
        </div>
      </div>
    </li>
    <li>
      <div
        class="decorated-list-item"
      >
        <div
          class="decorated-list-item__title tiny"
        >
          Another item
        </div>
        <div
          class="decorated-list-item__content"
        >
          <div>
            Some more content
          </div>
        </div>
      </div>
    </li>
  </ul>
</DocumentFragment>
`;

exports[`InfoList component should render compact 1`] = `
<DocumentFragment>
  <ul
    class="info-list"
  >
    <li>
      <div
        class="decorated-list-item decorated-list-item--compact"
      >
        <div
          class="decorated-list-item__title tiny"
        >
          Item 1
        </div>
        <div
          class="decorated-list-item__content"
        >
          <div>
            Some content
          </div>
        </div>
      </div>
    </li>
    <li>
      <div
        class="decorated-list-item decorated-list-item--compact"
      >
        <div
          class="decorated-list-item__title tiny"
        >
          Another item
        </div>
        <div
          class="decorated-list-item__content"
        >
          <div>
            Some more content
          </div>
        </div>
      </div>
    </li>
  </ul>
</DocumentFragment>
`;

exports[`InfoList component should render title that is a React Node 1`] = `
<DocumentFragment>
  <ul
    class="info-list"
  >
    <li>
      <div
        class="decorated-list-item"
      >
        <div
          class="decorated-list-item__title tiny"
        >
          <div>
            Item 1
          </div>
        </div>
        <div
          class="decorated-list-item__content"
        >
          <div>
            Some content
          </div>
        </div>
      </div>
    </li>
  </ul>
</DocumentFragment>
`;

exports[`InfoList component should render with titles in 2 columns 1`] = `
<DocumentFragment>
  <ul
    class="info-list info-list--columns"
  >
    <li>
      <div
        class="decorated-list-item"
      >
        <div
          class="decorated-list-item__title tiny"
        >
          Item 1
        </div>
        <div
          class="decorated-list-item__content"
        >
          <div>
            Some content
          </div>
        </div>
      </div>
    </li>
    <li>
      <div
        class="decorated-list-item"
      >
        <div
          class="decorated-list-item__title tiny"
        >
          Another item
        </div>
        <div
          class="decorated-list-item__content"
        >
          <div>
            Some more content
          </div>
        </div>
      </div>
    </li>
  </ul>
</DocumentFragment>
`;

exports[`InfoList component should render without titles 1`] = `
<DocumentFragment>
  <ul
    class="info-list"
  >
    <li>
      <div
        class="decorated-list-item decorated-list-item--no-title"
      >
        <div
          class="decorated-list-item__title tiny"
        >
          Item 1
        </div>
        <div
          class="decorated-list-item__content"
        >
          <div>
            Some content
          </div>
        </div>
      </div>
    </li>
    <li>
      <div
        class="decorated-list-item decorated-list-item--no-title"
      >
        <div
          class="decorated-list-item__title tiny"
        >
          Another item
        </div>
        <div
          class="decorated-list-item__content"
        >
          <div>
            Some more content
          </div>
        </div>
      </div>
    </li>
  </ul>
</DocumentFragment>
`;
