// Jest Snapshot v1, https://goo.gl/fbAQLP

exports[`PageIntro component should render 1`] = `
<DocumentFragment>
  <div
    class="page-intro"
  >
    <h1
      class=""
    >
      Title
      <small>
         1,000 results 
      </small>
    </h1>
  </div>
</DocumentFragment>
`;
